[fishy]
[static.wixstatic.com/media/b7bb0f_5b6fa91f61d84335a6f801b265d62b5d_mv2.png/v1/fill/w_192,h_192,lg_1,usm_0.66_1.00_0.01/b7bb0f_5b6fa91f61d84335a6f801b265d62b5d_mv2.png]
[static.wixstatic.com/media/b7bb0f_5b6fa91f61d84335a6f801b265d62b5d_mv2.png/v1/fill/w_32,h_32,lg_1,usm_0.66_1.00_0.01/b7bb0f_5b6fa91f61d84335a6f801b265d62b5d_mv2.png]
[static.wixstatic.com/media/b7bb0f_5b6fa91f61d84335a6f801b265d62b5d_mv2.png/v1/fill/w_180,h_180,lg_1,usm_0.66_1.00_0.01/b7bb0f_5b6fa91f61d84335a6f801b265d62b5d_mv2.png]
[static.parastorage.com/unpkg/core-js-bundle@3.2.1/minified.js]
[static.parastorage.com/unpkg/focus-within-polyfill@5.0.9/dist/focus-within-polyfill.js]
[backblue.gif]
[fade.gif]
[index.html]
[polyfill-fastly.io/v3/polyfill.mind82c.js]
[static.wixstatic.com/media/b7bb0f_d28fd4b444cc4c7cb42b17d22655ea30_mv2.png/v1/fill/w_94,h_2,al_c,lg_1,q_85,enc_auto/blu.png]
[static.wixstatic.com/media/b7bb0f_214ddb19e2df43b38865ea3bdd52f25b_mv2.png/v1/fill/w_421,h_401,al_c,lg_1,q_85,enc_auto/blu3.png]
[static.wixstatic.com/media/b7bb0f_ebeb74adff754a4eb1d94283020147eb_mv2.png/v1/fill/w_65,h_65,al_c,q_85,usm_0.66_1.00_0.01,blur_3,enc_auto/b7bb0f_ebeb74adff754a4eb1d94283020147eb_mv2.png]
[static.wixstatic.com/media/b7bb0f_ebeb74adff754a4eb1d94283020147eb_mv2.png/v1/fill/w_36,h_36,al_c,q_85,usm_0.66_1.00_0.01,blur_3,enc_auto/b7bb0f_ebeb74adff754a4eb1d94283020147eb_mv2.png]
[static.wixstatic.com/media/b7bb0f_1570d5bbead341eb8ac99f8804284578_mv2.gif]
[static.wixstatic.com/media/b7bb0f_ae532ff0050a424185c381d4ab006c43_mv2.png/v1/fill/w_801,h_280,al_c,lg_1,q_85,enc_auto/b7bb0f_ae532ff0050a424185c381d4ab006c43_mv2.png]
[static.wixstatic.com/media/b7bb0f_db172ac88e374bbabb36f45909042280_mv2.gif]
[browser.sentry-cdn.com/6.18.2/bundle.min.js]
[www.fishy.lol/sitemap.e.delayed]
[www.fishy.lol/feed.f.delayed]
[www.fishy.lol/${n.10.delayed]
[static.parastorage.com/services/wix-thunderbolt/dist/thunderbolt-commons.99a5564e.bundle.min.js]
[static.parastorage.com/services/wix-thunderbolt/dist/main.61e6fdf8.bundle.min.js]
[static.parastorage.com/services/wix-thunderbolt/dist/main.renderer.1d21f023.bundle.min.js]
[static.parastorage.com/unpkg/lodash@4.17.21/lodash.min.js]
[static.parastorage.com/unpkg/react@18.2.0/umd/react.production.min.js]
[static.parastorage.com/unpkg/react-dom@18.2.0/umd/react-dom.production.min.js]
[www.fishy.lol/decodeURIComponent(e.17.delayed]
[static.parastorage.com/services/tag-manager-client/1.827.0/siteTags.bundle.min.js]
[fishy]
[www.fishy.lol/sitemap.html]
[www.fishy.lol/feed.html]
[www.fishy.lol/${n.html]
[www.fishy.lol/decodeURIComponent(e.html]
[static.parastorage.com/services/wix-perf-measure/1.1095.0/wix-perf-measure.umd.min.js]
